// Jest Snapshot v1, https://goo.gl/fbAQLP

exports[`AppBoundary correct usage renders default gutters 1`] = `
.c0 {
  padding: 0;
  max-width: 100%;
  overflow: hidden;
  height: 100%;
}

.c1 {
  margin: 0 auto;
  padding: 0 0;
  max-width: 90rem;
}

<div
  className="c0"
>
  <div
    className="c1"
  >
    <p>
      Lorem ipsum dolor sit amet, consectetur adipiscing elit. Nullam in vestibulum tortor, vitae venenatis lectus. Praesent gravida dapibus neque sit amet molestie. Morbi blandit eu dolor a luctus. Vestibulum sollicitudin elit ac nunc scelerisque rhoncus. Nulla felis sapien, condimentum ut imperdiet vel, aliquet id ante. Pellentesque habitant morbi tristique senectus et netus et malesuada fames ac turpis egestas. Quisque ultrices, quam nec scelerisque malesuada, lectus elit semper diam, ac placerat purus tortor et enim.
    </p>
    <p>
      Lorem ipsum dolor sit amet, consectetur adipiscing elit. Nullam in vestibulum tortor, vitae venenatis lectus. Praesent gravida dapibus neque sit amet molestie. Morbi blandit eu dolor a luctus. Vestibulum sollicitudin elit ac nunc scelerisque rhoncus. Nulla felis sapien, condimentum ut imperdiet vel, aliquet id ante. Pellentesque habitant morbi tristique senectus et netus et malesuada fames ac turpis egestas. Quisque ultrices, quam nec scelerisque malesuada, lectus elit semper diam, ac placerat purus tortor et enim.
    </p>
    <p>
      Lorem ipsum dolor sit amet, consectetur adipiscing elit. Nullam in vestibulum tortor, vitae venenatis lectus. Praesent gravida dapibus neque sit amet molestie. Morbi blandit eu dolor a luctus. Vestibulum sollicitudin elit ac nunc scelerisque rhoncus. Nulla felis sapien, condimentum ut imperdiet vel, aliquet id ante. Pellentesque habitant morbi tristique senectus et netus et malesuada fames ac turpis egestas. Quisque ultrices, quam nec scelerisque malesuada, lectus elit semper diam, ac placerat purus tortor et enim.
    </p>
    <p>
      Lorem ipsum dolor sit amet, consectetur adipiscing elit. Nullam in vestibulum tortor, vitae venenatis lectus. Praesent gravida dapibus neque sit amet molestie. Morbi blandit eu dolor a luctus. Vestibulum sollicitudin elit ac nunc scelerisque rhoncus. Nulla felis sapien, condimentum ut imperdiet vel, aliquet id ante. Pellentesque habitant morbi tristique senectus et netus et malesuada fames ac turpis egestas. Quisque ultrices, quam nec scelerisque malesuada, lectus elit semper diam, ac placerat purus tortor et enim.
    </p>
  </div>
</div>
`;

exports[`AppBoundary correct usage renders with theme overrides 1`] = `
.c0 {
  padding: 0;
  max-width: 100%;
  overflow: hidden;
  height: 100%;
}

.c1 {
  margin: 0 auto;
  padding: 0 0;
  max-width: 90rem;
}

<div
  className="c0"
>
  <div
    className="c1"
  >
    <p>
      Lorem ipsum dolor sit amet, consectetur adipiscing elit. Nullam in vestibulum tortor, vitae venenatis lectus. Praesent gravida dapibus neque sit amet molestie. Morbi blandit eu dolor a luctus. Vestibulum sollicitudin elit ac nunc scelerisque rhoncus. Nulla felis sapien, condimentum ut imperdiet vel, aliquet id ante. Pellentesque habitant morbi tristique senectus et netus et malesuada fames ac turpis egestas. Quisque ultrices, quam nec scelerisque malesuada, lectus elit semper diam, ac placerat purus tortor et enim.
    </p>
    <p>
      Lorem ipsum dolor sit amet, consectetur adipiscing elit. Nullam in vestibulum tortor, vitae venenatis lectus. Praesent gravida dapibus neque sit amet molestie. Morbi blandit eu dolor a luctus. Vestibulum sollicitudin elit ac nunc scelerisque rhoncus. Nulla felis sapien, condimentum ut imperdiet vel, aliquet id ante. Pellentesque habitant morbi tristique senectus et netus et malesuada fames ac turpis egestas. Quisque ultrices, quam nec scelerisque malesuada, lectus elit semper diam, ac placerat purus tortor et enim.
    </p>
    <p>
      Lorem ipsum dolor sit amet, consectetur adipiscing elit. Nullam in vestibulum tortor, vitae venenatis lectus. Praesent gravida dapibus neque sit amet molestie. Morbi blandit eu dolor a luctus. Vestibulum sollicitudin elit ac nunc scelerisque rhoncus. Nulla felis sapien, condimentum ut imperdiet vel, aliquet id ante. Pellentesque habitant morbi tristique senectus et netus et malesuada fames ac turpis egestas. Quisque ultrices, quam nec scelerisque malesuada, lectus elit semper diam, ac placerat purus tortor et enim.
    </p>
    <p>
      Lorem ipsum dolor sit amet, consectetur adipiscing elit. Nullam in vestibulum tortor, vitae venenatis lectus. Praesent gravida dapibus neque sit amet molestie. Morbi blandit eu dolor a luctus. Vestibulum sollicitudin elit ac nunc scelerisque rhoncus. Nulla felis sapien, condimentum ut imperdiet vel, aliquet id ante. Pellentesque habitant morbi tristique senectus et netus et malesuada fames ac turpis egestas. Quisque ultrices, quam nec scelerisque malesuada, lectus elit semper diam, ac placerat purus tortor et enim.
    </p>
  </div>
</div>
`;

exports[`AppBoundary incorrect usage renders default with console error with no children 1`] = `
.c0 {
  padding: 0;
  max-width: 100%;
  overflow: hidden;
  height: 100%;
}

.c1 {
  margin: 0 auto;
  padding: 0 0;
  max-width: 90rem;
}

<div
  className="c0"
>
  <div
    className="c1"
  />
</div>
`;
