// Jest Snapshot v1, https://goo.gl/fbAQLP

exports[`Stack correct usage renders all the gutter options 1`] = `
.c0 {
  box-sizing: border-box;
  --gutter: 0px;
  display: grid;
  grid-auto-columns: 100%;
  grid-gap: var(--gutter);
}

.c0 *[data-bedrock-layout-column] {
  grid-column: span 1 / auto;
}

@supports not (grid-gap:var(--gutter)) {
  .c0 {
    display: -webkit-box;
    display: -webkit-flex;
    display: -ms-flexbox;
    display: flex;
    -webkit-flex-flow: column;
    -ms-flex-flow: column;
    flex-flow: column;
  }

  .c0 > * + * {
    margin-top: 0px;
  }
}

<div
  className="c0"
>
  <p>
    Lorem ipsum dolor sit amet, consectetur adipiscing elit. Nullam in vestibulum tortor, vitae venenatis lectus. Praesent gravida dapibus neque sit amet molestie. Morbi blandit eu dolor a luctus. Vestibulum sollicitudin elit ac nunc scelerisque rhoncus. Nulla felis sapien, condimentum ut imperdiet vel, aliquet id ante. Pellentesque habitant morbi tristique senectus et netus et malesuada fames ac turpis egestas. Quisque ultrices, quam nec scelerisque malesuada, lectus elit semper diam, ac placerat purus tortor et enim.
  </p>
  <p>
    Lorem ipsum dolor sit amet, consectetur adipiscing elit. Nullam in vestibulum tortor, vitae venenatis lectus. Praesent gravida dapibus neque sit amet molestie. Morbi blandit eu dolor a luctus. Vestibulum sollicitudin elit ac nunc scelerisque rhoncus. Nulla felis sapien, condimentum ut imperdiet vel, aliquet id ante. Pellentesque habitant morbi tristique senectus et netus et malesuada fames ac turpis egestas. Quisque ultrices, quam nec scelerisque malesuada, lectus elit semper diam, ac placerat purus tortor et enim.
  </p>
  <p>
    Lorem ipsum dolor sit amet, consectetur adipiscing elit. Nullam in vestibulum tortor, vitae venenatis lectus. Praesent gravida dapibus neque sit amet molestie. Morbi blandit eu dolor a luctus. Vestibulum sollicitudin elit ac nunc scelerisque rhoncus. Nulla felis sapien, condimentum ut imperdiet vel, aliquet id ante. Pellentesque habitant morbi tristique senectus et netus et malesuada fames ac turpis egestas. Quisque ultrices, quam nec scelerisque malesuada, lectus elit semper diam, ac placerat purus tortor et enim.
  </p>
  <p>
    Lorem ipsum dolor sit amet, consectetur adipiscing elit. Nullam in vestibulum tortor, vitae venenatis lectus. Praesent gravida dapibus neque sit amet molestie. Morbi blandit eu dolor a luctus. Vestibulum sollicitudin elit ac nunc scelerisque rhoncus. Nulla felis sapien, condimentum ut imperdiet vel, aliquet id ante. Pellentesque habitant morbi tristique senectus et netus et malesuada fames ac turpis egestas. Quisque ultrices, quam nec scelerisque malesuada, lectus elit semper diam, ac placerat purus tortor et enim.
  </p>
</div>
`;

exports[`Stack correct usage renders all the gutter options 2`] = `
.c0 {
  box-sizing: border-box;
  --gutter: 0.125rem;
  display: grid;
  grid-auto-columns: 100%;
  grid-gap: var(--gutter);
}

.c0 *[data-bedrock-layout-column] {
  grid-column: span 1 / auto;
}

@supports not (grid-gap:var(--gutter)) {

}

@supports not (grid-gap:var(--gutter)) {
  .c0 {
    display: -webkit-box;
    display: -webkit-flex;
    display: -ms-flexbox;
    display: flex;
    -webkit-flex-flow: column;
    -ms-flex-flow: column;
    flex-flow: column;
  }

  .c0 > * + * {
    margin-top: 0.125rem;
  }
}

<div
  className="c0"
>
  <p>
    Lorem ipsum dolor sit amet, consectetur adipiscing elit. Nullam in vestibulum tortor, vitae venenatis lectus. Praesent gravida dapibus neque sit amet molestie. Morbi blandit eu dolor a luctus. Vestibulum sollicitudin elit ac nunc scelerisque rhoncus. Nulla felis sapien, condimentum ut imperdiet vel, aliquet id ante. Pellentesque habitant morbi tristique senectus et netus et malesuada fames ac turpis egestas. Quisque ultrices, quam nec scelerisque malesuada, lectus elit semper diam, ac placerat purus tortor et enim.
  </p>
  <p>
    Lorem ipsum dolor sit amet, consectetur adipiscing elit. Nullam in vestibulum tortor, vitae venenatis lectus. Praesent gravida dapibus neque sit amet molestie. Morbi blandit eu dolor a luctus. Vestibulum sollicitudin elit ac nunc scelerisque rhoncus. Nulla felis sapien, condimentum ut imperdiet vel, aliquet id ante. Pellentesque habitant morbi tristique senectus et netus et malesuada fames ac turpis egestas. Quisque ultrices, quam nec scelerisque malesuada, lectus elit semper diam, ac placerat purus tortor et enim.
  </p>
  <p>
    Lorem ipsum dolor sit amet, consectetur adipiscing elit. Nullam in vestibulum tortor, vitae venenatis lectus. Praesent gravida dapibus neque sit amet molestie. Morbi blandit eu dolor a luctus. Vestibulum sollicitudin elit ac nunc scelerisque rhoncus. Nulla felis sapien, condimentum ut imperdiet vel, aliquet id ante. Pellentesque habitant morbi tristique senectus et netus et malesuada fames ac turpis egestas. Quisque ultrices, quam nec scelerisque malesuada, lectus elit semper diam, ac placerat purus tortor et enim.
  </p>
  <p>
    Lorem ipsum dolor sit amet, consectetur adipiscing elit. Nullam in vestibulum tortor, vitae venenatis lectus. Praesent gravida dapibus neque sit amet molestie. Morbi blandit eu dolor a luctus. Vestibulum sollicitudin elit ac nunc scelerisque rhoncus. Nulla felis sapien, condimentum ut imperdiet vel, aliquet id ante. Pellentesque habitant morbi tristique senectus et netus et malesuada fames ac turpis egestas. Quisque ultrices, quam nec scelerisque malesuada, lectus elit semper diam, ac placerat purus tortor et enim.
  </p>
</div>
`;

exports[`Stack correct usage renders all the gutter options 3`] = `
.c0 {
  box-sizing: border-box;
  --gutter: 0.25rem;
  display: grid;
  grid-auto-columns: 100%;
  grid-gap: var(--gutter);
}

.c0 *[data-bedrock-layout-column] {
  grid-column: span 1 / auto;
}

@supports not (grid-gap:var(--gutter)) {

}

@supports not (grid-gap:var(--gutter)) {

}

@supports not (grid-gap:var(--gutter)) {
  .c0 {
    display: -webkit-box;
    display: -webkit-flex;
    display: -ms-flexbox;
    display: flex;
    -webkit-flex-flow: column;
    -ms-flex-flow: column;
    flex-flow: column;
  }

  .c0 > * + * {
    margin-top: 0.25rem;
  }
}

<div
  className="c0"
>
  <p>
    Lorem ipsum dolor sit amet, consectetur adipiscing elit. Nullam in vestibulum tortor, vitae venenatis lectus. Praesent gravida dapibus neque sit amet molestie. Morbi blandit eu dolor a luctus. Vestibulum sollicitudin elit ac nunc scelerisque rhoncus. Nulla felis sapien, condimentum ut imperdiet vel, aliquet id ante. Pellentesque habitant morbi tristique senectus et netus et malesuada fames ac turpis egestas. Quisque ultrices, quam nec scelerisque malesuada, lectus elit semper diam, ac placerat purus tortor et enim.
  </p>
  <p>
    Lorem ipsum dolor sit amet, consectetur adipiscing elit. Nullam in vestibulum tortor, vitae venenatis lectus. Praesent gravida dapibus neque sit amet molestie. Morbi blandit eu dolor a luctus. Vestibulum sollicitudin elit ac nunc scelerisque rhoncus. Nulla felis sapien, condimentum ut imperdiet vel, aliquet id ante. Pellentesque habitant morbi tristique senectus et netus et malesuada fames ac turpis egestas. Quisque ultrices, quam nec scelerisque malesuada, lectus elit semper diam, ac placerat purus tortor et enim.
  </p>
  <p>
    Lorem ipsum dolor sit amet, consectetur adipiscing elit. Nullam in vestibulum tortor, vitae venenatis lectus. Praesent gravida dapibus neque sit amet molestie. Morbi blandit eu dolor a luctus. Vestibulum sollicitudin elit ac nunc scelerisque rhoncus. Nulla felis sapien, condimentum ut imperdiet vel, aliquet id ante. Pellentesque habitant morbi tristique senectus et netus et malesuada fames ac turpis egestas. Quisque ultrices, quam nec scelerisque malesuada, lectus elit semper diam, ac placerat purus tortor et enim.
  </p>
  <p>
    Lorem ipsum dolor sit amet, consectetur adipiscing elit. Nullam in vestibulum tortor, vitae venenatis lectus. Praesent gravida dapibus neque sit amet molestie. Morbi blandit eu dolor a luctus. Vestibulum sollicitudin elit ac nunc scelerisque rhoncus. Nulla felis sapien, condimentum ut imperdiet vel, aliquet id ante. Pellentesque habitant morbi tristique senectus et netus et malesuada fames ac turpis egestas. Quisque ultrices, quam nec scelerisque malesuada, lectus elit semper diam, ac placerat purus tortor et enim.
  </p>
</div>
`;

exports[`Stack correct usage renders all the gutter options 4`] = `
.c0 {
  box-sizing: border-box;
  --gutter: 0.5rem;
  display: grid;
  grid-auto-columns: 100%;
  grid-gap: var(--gutter);
}

.c0 *[data-bedrock-layout-column] {
  grid-column: span 1 / auto;
}

@supports not (grid-gap:var(--gutter)) {

}

@supports not (grid-gap:var(--gutter)) {

}

@supports not (grid-gap:var(--gutter)) {

}

@supports not (grid-gap:var(--gutter)) {
  .c0 {
    display: -webkit-box;
    display: -webkit-flex;
    display: -ms-flexbox;
    display: flex;
    -webkit-flex-flow: column;
    -ms-flex-flow: column;
    flex-flow: column;
  }

  .c0 > * + * {
    margin-top: 0.5rem;
  }
}

<div
  className="c0"
>
  <p>
    Lorem ipsum dolor sit amet, consectetur adipiscing elit. Nullam in vestibulum tortor, vitae venenatis lectus. Praesent gravida dapibus neque sit amet molestie. Morbi blandit eu dolor a luctus. Vestibulum sollicitudin elit ac nunc scelerisque rhoncus. Nulla felis sapien, condimentum ut imperdiet vel, aliquet id ante. Pellentesque habitant morbi tristique senectus et netus et malesuada fames ac turpis egestas. Quisque ultrices, quam nec scelerisque malesuada, lectus elit semper diam, ac placerat purus tortor et enim.
  </p>
  <p>
    Lorem ipsum dolor sit amet, consectetur adipiscing elit. Nullam in vestibulum tortor, vitae venenatis lectus. Praesent gravida dapibus neque sit amet molestie. Morbi blandit eu dolor a luctus. Vestibulum sollicitudin elit ac nunc scelerisque rhoncus. Nulla felis sapien, condimentum ut imperdiet vel, aliquet id ante. Pellentesque habitant morbi tristique senectus et netus et malesuada fames ac turpis egestas. Quisque ultrices, quam nec scelerisque malesuada, lectus elit semper diam, ac placerat purus tortor et enim.
  </p>
  <p>
    Lorem ipsum dolor sit amet, consectetur adipiscing elit. Nullam in vestibulum tortor, vitae venenatis lectus. Praesent gravida dapibus neque sit amet molestie. Morbi blandit eu dolor a luctus. Vestibulum sollicitudin elit ac nunc scelerisque rhoncus. Nulla felis sapien, condimentum ut imperdiet vel, aliquet id ante. Pellentesque habitant morbi tristique senectus et netus et malesuada fames ac turpis egestas. Quisque ultrices, quam nec scelerisque malesuada, lectus elit semper diam, ac placerat purus tortor et enim.
  </p>
  <p>
    Lorem ipsum dolor sit amet, consectetur adipiscing elit. Nullam in vestibulum tortor, vitae venenatis lectus. Praesent gravida dapibus neque sit amet molestie. Morbi blandit eu dolor a luctus. Vestibulum sollicitudin elit ac nunc scelerisque rhoncus. Nulla felis sapien, condimentum ut imperdiet vel, aliquet id ante. Pellentesque habitant morbi tristique senectus et netus et malesuada fames ac turpis egestas. Quisque ultrices, quam nec scelerisque malesuada, lectus elit semper diam, ac placerat purus tortor et enim.
  </p>
</div>
`;

exports[`Stack correct usage renders all the gutter options 5`] = `
.c0 {
  box-sizing: border-box;
  --gutter: 1rem;
  display: grid;
  grid-auto-columns: 100%;
  grid-gap: var(--gutter);
}

.c0 *[data-bedrock-layout-column] {
  grid-column: span 1 / auto;
}

@supports not (grid-gap:var(--gutter)) {

}

@supports not (grid-gap:var(--gutter)) {

}

@supports not (grid-gap:var(--gutter)) {

}

@supports not (grid-gap:var(--gutter)) {

}

@supports not (grid-gap:var(--gutter)) {
  .c0 {
    display: -webkit-box;
    display: -webkit-flex;
    display: -ms-flexbox;
    display: flex;
    -webkit-flex-flow: column;
    -ms-flex-flow: column;
    flex-flow: column;
  }

  .c0 > * + * {
    margin-top: 1rem;
  }
}

<div
  className="c0"
>
  <p>
    Lorem ipsum dolor sit amet, consectetur adipiscing elit. Nullam in vestibulum tortor, vitae venenatis lectus. Praesent gravida dapibus neque sit amet molestie. Morbi blandit eu dolor a luctus. Vestibulum sollicitudin elit ac nunc scelerisque rhoncus. Nulla felis sapien, condimentum ut imperdiet vel, aliquet id ante. Pellentesque habitant morbi tristique senectus et netus et malesuada fames ac turpis egestas. Quisque ultrices, quam nec scelerisque malesuada, lectus elit semper diam, ac placerat purus tortor et enim.
  </p>
  <p>
    Lorem ipsum dolor sit amet, consectetur adipiscing elit. Nullam in vestibulum tortor, vitae venenatis lectus. Praesent gravida dapibus neque sit amet molestie. Morbi blandit eu dolor a luctus. Vestibulum sollicitudin elit ac nunc scelerisque rhoncus. Nulla felis sapien, condimentum ut imperdiet vel, aliquet id ante. Pellentesque habitant morbi tristique senectus et netus et malesuada fames ac turpis egestas. Quisque ultrices, quam nec scelerisque malesuada, lectus elit semper diam, ac placerat purus tortor et enim.
  </p>
  <p>
    Lorem ipsum dolor sit amet, consectetur adipiscing elit. Nullam in vestibulum tortor, vitae venenatis lectus. Praesent gravida dapibus neque sit amet molestie. Morbi blandit eu dolor a luctus. Vestibulum sollicitudin elit ac nunc scelerisque rhoncus. Nulla felis sapien, condimentum ut imperdiet vel, aliquet id ante. Pellentesque habitant morbi tristique senectus et netus et malesuada fames ac turpis egestas. Quisque ultrices, quam nec scelerisque malesuada, lectus elit semper diam, ac placerat purus tortor et enim.
  </p>
  <p>
    Lorem ipsum dolor sit amet, consectetur adipiscing elit. Nullam in vestibulum tortor, vitae venenatis lectus. Praesent gravida dapibus neque sit amet molestie. Morbi blandit eu dolor a luctus. Vestibulum sollicitudin elit ac nunc scelerisque rhoncus. Nulla felis sapien, condimentum ut imperdiet vel, aliquet id ante. Pellentesque habitant morbi tristique senectus et netus et malesuada fames ac turpis egestas. Quisque ultrices, quam nec scelerisque malesuada, lectus elit semper diam, ac placerat purus tortor et enim.
  </p>
</div>
`;

exports[`Stack correct usage renders all the gutter options 6`] = `
.c0 {
  box-sizing: border-box;
  --gutter: 2rem;
  display: grid;
  grid-auto-columns: 100%;
  grid-gap: var(--gutter);
}

.c0 *[data-bedrock-layout-column] {
  grid-column: span 1 / auto;
}

@supports not (grid-gap:var(--gutter)) {

}

@supports not (grid-gap:var(--gutter)) {

}

@supports not (grid-gap:var(--gutter)) {

}

@supports not (grid-gap:var(--gutter)) {

}

@supports not (grid-gap:var(--gutter)) {

}

@supports not (grid-gap:var(--gutter)) {
  .c0 {
    display: -webkit-box;
    display: -webkit-flex;
    display: -ms-flexbox;
    display: flex;
    -webkit-flex-flow: column;
    -ms-flex-flow: column;
    flex-flow: column;
  }

  .c0 > * + * {
    margin-top: 2rem;
  }
}

<div
  className="c0"
>
  <p>
    Lorem ipsum dolor sit amet, consectetur adipiscing elit. Nullam in vestibulum tortor, vitae venenatis lectus. Praesent gravida dapibus neque sit amet molestie. Morbi blandit eu dolor a luctus. Vestibulum sollicitudin elit ac nunc scelerisque rhoncus. Nulla felis sapien, condimentum ut imperdiet vel, aliquet id ante. Pellentesque habitant morbi tristique senectus et netus et malesuada fames ac turpis egestas. Quisque ultrices, quam nec scelerisque malesuada, lectus elit semper diam, ac placerat purus tortor et enim.
  </p>
  <p>
    Lorem ipsum dolor sit amet, consectetur adipiscing elit. Nullam in vestibulum tortor, vitae venenatis lectus. Praesent gravida dapibus neque sit amet molestie. Morbi blandit eu dolor a luctus. Vestibulum sollicitudin elit ac nunc scelerisque rhoncus. Nulla felis sapien, condimentum ut imperdiet vel, aliquet id ante. Pellentesque habitant morbi tristique senectus et netus et malesuada fames ac turpis egestas. Quisque ultrices, quam nec scelerisque malesuada, lectus elit semper diam, ac placerat purus tortor et enim.
  </p>
  <p>
    Lorem ipsum dolor sit amet, consectetur adipiscing elit. Nullam in vestibulum tortor, vitae venenatis lectus. Praesent gravida dapibus neque sit amet molestie. Morbi blandit eu dolor a luctus. Vestibulum sollicitudin elit ac nunc scelerisque rhoncus. Nulla felis sapien, condimentum ut imperdiet vel, aliquet id ante. Pellentesque habitant morbi tristique senectus et netus et malesuada fames ac turpis egestas. Quisque ultrices, quam nec scelerisque malesuada, lectus elit semper diam, ac placerat purus tortor et enim.
  </p>
  <p>
    Lorem ipsum dolor sit amet, consectetur adipiscing elit. Nullam in vestibulum tortor, vitae venenatis lectus. Praesent gravida dapibus neque sit amet molestie. Morbi blandit eu dolor a luctus. Vestibulum sollicitudin elit ac nunc scelerisque rhoncus. Nulla felis sapien, condimentum ut imperdiet vel, aliquet id ante. Pellentesque habitant morbi tristique senectus et netus et malesuada fames ac turpis egestas. Quisque ultrices, quam nec scelerisque malesuada, lectus elit semper diam, ac placerat purus tortor et enim.
  </p>
</div>
`;

exports[`Stack correct usage renders all the gutter options 7`] = `
.c0 {
  box-sizing: border-box;
  --gutter: 4rem;
  display: grid;
  grid-auto-columns: 100%;
  grid-gap: var(--gutter);
}

.c0 *[data-bedrock-layout-column] {
  grid-column: span 1 / auto;
}

@supports not (grid-gap:var(--gutter)) {

}

@supports not (grid-gap:var(--gutter)) {

}

@supports not (grid-gap:var(--gutter)) {

}

@supports not (grid-gap:var(--gutter)) {

}

@supports not (grid-gap:var(--gutter)) {

}

@supports not (grid-gap:var(--gutter)) {

}

@supports not (grid-gap:var(--gutter)) {
  .c0 {
    display: -webkit-box;
    display: -webkit-flex;
    display: -ms-flexbox;
    display: flex;
    -webkit-flex-flow: column;
    -ms-flex-flow: column;
    flex-flow: column;
  }

  .c0 > * + * {
    margin-top: 4rem;
  }
}

<div
  className="c0"
>
  <p>
    Lorem ipsum dolor sit amet, consectetur adipiscing elit. Nullam in vestibulum tortor, vitae venenatis lectus. Praesent gravida dapibus neque sit amet molestie. Morbi blandit eu dolor a luctus. Vestibulum sollicitudin elit ac nunc scelerisque rhoncus. Nulla felis sapien, condimentum ut imperdiet vel, aliquet id ante. Pellentesque habitant morbi tristique senectus et netus et malesuada fames ac turpis egestas. Quisque ultrices, quam nec scelerisque malesuada, lectus elit semper diam, ac placerat purus tortor et enim.
  </p>
  <p>
    Lorem ipsum dolor sit amet, consectetur adipiscing elit. Nullam in vestibulum tortor, vitae venenatis lectus. Praesent gravida dapibus neque sit amet molestie. Morbi blandit eu dolor a luctus. Vestibulum sollicitudin elit ac nunc scelerisque rhoncus. Nulla felis sapien, condimentum ut imperdiet vel, aliquet id ante. Pellentesque habitant morbi tristique senectus et netus et malesuada fames ac turpis egestas. Quisque ultrices, quam nec scelerisque malesuada, lectus elit semper diam, ac placerat purus tortor et enim.
  </p>
  <p>
    Lorem ipsum dolor sit amet, consectetur adipiscing elit. Nullam in vestibulum tortor, vitae venenatis lectus. Praesent gravida dapibus neque sit amet molestie. Morbi blandit eu dolor a luctus. Vestibulum sollicitudin elit ac nunc scelerisque rhoncus. Nulla felis sapien, condimentum ut imperdiet vel, aliquet id ante. Pellentesque habitant morbi tristique senectus et netus et malesuada fames ac turpis egestas. Quisque ultrices, quam nec scelerisque malesuada, lectus elit semper diam, ac placerat purus tortor et enim.
  </p>
  <p>
    Lorem ipsum dolor sit amet, consectetur adipiscing elit. Nullam in vestibulum tortor, vitae venenatis lectus. Praesent gravida dapibus neque sit amet molestie. Morbi blandit eu dolor a luctus. Vestibulum sollicitudin elit ac nunc scelerisque rhoncus. Nulla felis sapien, condimentum ut imperdiet vel, aliquet id ante. Pellentesque habitant morbi tristique senectus et netus et malesuada fames ac turpis egestas. Quisque ultrices, quam nec scelerisque malesuada, lectus elit semper diam, ac placerat purus tortor et enim.
  </p>
</div>
`;

exports[`Stack correct usage renders default gutters 1`] = `
.c0 {
  box-sizing: border-box;
  --gutter: 1rem;
  display: grid;
  grid-auto-columns: 100%;
  grid-gap: var(--gutter);
}

.c0 *[data-bedrock-layout-column] {
  grid-column: span 1 / auto;
}

@supports not (grid-gap:var(--gutter)) {
  .c0 {
    display: -webkit-box;
    display: -webkit-flex;
    display: -ms-flexbox;
    display: flex;
    -webkit-flex-flow: column;
    -ms-flex-flow: column;
    flex-flow: column;
  }

  .c0 > * + * {
    margin-top: 1rem;
  }
}

<div
  className="c0"
>
  <p>
    Lorem ipsum dolor sit amet, consectetur adipiscing elit. Nullam in vestibulum tortor, vitae venenatis lectus. Praesent gravida dapibus neque sit amet molestie. Morbi blandit eu dolor a luctus. Vestibulum sollicitudin elit ac nunc scelerisque rhoncus. Nulla felis sapien, condimentum ut imperdiet vel, aliquet id ante. Pellentesque habitant morbi tristique senectus et netus et malesuada fames ac turpis egestas. Quisque ultrices, quam nec scelerisque malesuada, lectus elit semper diam, ac placerat purus tortor et enim.
  </p>
  <p>
    Lorem ipsum dolor sit amet, consectetur adipiscing elit. Nullam in vestibulum tortor, vitae venenatis lectus. Praesent gravida dapibus neque sit amet molestie. Morbi blandit eu dolor a luctus. Vestibulum sollicitudin elit ac nunc scelerisque rhoncus. Nulla felis sapien, condimentum ut imperdiet vel, aliquet id ante. Pellentesque habitant morbi tristique senectus et netus et malesuada fames ac turpis egestas. Quisque ultrices, quam nec scelerisque malesuada, lectus elit semper diam, ac placerat purus tortor et enim.
  </p>
  <p>
    Lorem ipsum dolor sit amet, consectetur adipiscing elit. Nullam in vestibulum tortor, vitae venenatis lectus. Praesent gravida dapibus neque sit amet molestie. Morbi blandit eu dolor a luctus. Vestibulum sollicitudin elit ac nunc scelerisque rhoncus. Nulla felis sapien, condimentum ut imperdiet vel, aliquet id ante. Pellentesque habitant morbi tristique senectus et netus et malesuada fames ac turpis egestas. Quisque ultrices, quam nec scelerisque malesuada, lectus elit semper diam, ac placerat purus tortor et enim.
  </p>
  <p>
    Lorem ipsum dolor sit amet, consectetur adipiscing elit. Nullam in vestibulum tortor, vitae venenatis lectus. Praesent gravida dapibus neque sit amet molestie. Morbi blandit eu dolor a luctus. Vestibulum sollicitudin elit ac nunc scelerisque rhoncus. Nulla felis sapien, condimentum ut imperdiet vel, aliquet id ante. Pellentesque habitant morbi tristique senectus et netus et malesuada fames ac turpis egestas. Quisque ultrices, quam nec scelerisque malesuada, lectus elit semper diam, ac placerat purus tortor et enim.
  </p>
</div>
`;

exports[`Stack correct usage renders with theme overrides 1`] = `
.c0 {
  box-sizing: border-box;
  --gutter: 1rem;
  display: grid;
  grid-auto-columns: 100%;
  grid-gap: var(--gutter);
}

.c0 *[data-bedrock-layout-column] {
  grid-column: span 1 / auto;
}

@supports not (grid-gap:var(--gutter)) {
  .c0 {
    display: -webkit-box;
    display: -webkit-flex;
    display: -ms-flexbox;
    display: flex;
    -webkit-flex-flow: column;
    -ms-flex-flow: column;
    flex-flow: column;
  }

  .c0 > * + * {
    margin-top: 1rem;
  }
}

<div
  className="c0"
>
  <p>
    Lorem ipsum dolor sit amet, consectetur adipiscing elit. Nullam in vestibulum tortor, vitae venenatis lectus. Praesent gravida dapibus neque sit amet molestie. Morbi blandit eu dolor a luctus. Vestibulum sollicitudin elit ac nunc scelerisque rhoncus. Nulla felis sapien, condimentum ut imperdiet vel, aliquet id ante. Pellentesque habitant morbi tristique senectus et netus et malesuada fames ac turpis egestas. Quisque ultrices, quam nec scelerisque malesuada, lectus elit semper diam, ac placerat purus tortor et enim.
  </p>
  <p>
    Lorem ipsum dolor sit amet, consectetur adipiscing elit. Nullam in vestibulum tortor, vitae venenatis lectus. Praesent gravida dapibus neque sit amet molestie. Morbi blandit eu dolor a luctus. Vestibulum sollicitudin elit ac nunc scelerisque rhoncus. Nulla felis sapien, condimentum ut imperdiet vel, aliquet id ante. Pellentesque habitant morbi tristique senectus et netus et malesuada fames ac turpis egestas. Quisque ultrices, quam nec scelerisque malesuada, lectus elit semper diam, ac placerat purus tortor et enim.
  </p>
  <p>
    Lorem ipsum dolor sit amet, consectetur adipiscing elit. Nullam in vestibulum tortor, vitae venenatis lectus. Praesent gravida dapibus neque sit amet molestie. Morbi blandit eu dolor a luctus. Vestibulum sollicitudin elit ac nunc scelerisque rhoncus. Nulla felis sapien, condimentum ut imperdiet vel, aliquet id ante. Pellentesque habitant morbi tristique senectus et netus et malesuada fames ac turpis egestas. Quisque ultrices, quam nec scelerisque malesuada, lectus elit semper diam, ac placerat purus tortor et enim.
  </p>
  <p>
    Lorem ipsum dolor sit amet, consectetur adipiscing elit. Nullam in vestibulum tortor, vitae venenatis lectus. Praesent gravida dapibus neque sit amet molestie. Morbi blandit eu dolor a luctus. Vestibulum sollicitudin elit ac nunc scelerisque rhoncus. Nulla felis sapien, condimentum ut imperdiet vel, aliquet id ante. Pellentesque habitant morbi tristique senectus et netus et malesuada fames ac turpis egestas. Quisque ultrices, quam nec scelerisque malesuada, lectus elit semper diam, ac placerat purus tortor et enim.
  </p>
</div>
`;

exports[`Stack incorrect usage renders default with console error with wrong input 1`] = `
.c0 {
  box-sizing: border-box;
  --gutter: 1rem;
  display: grid;
  grid-auto-columns: 100%;
  grid-gap: var(--gutter);
}

.c0 *[data-bedrock-layout-column] {
  grid-column: span 1 / auto;
}

@supports not (grid-gap:var(--gutter)) {
  .c0 {
    display: -webkit-box;
    display: -webkit-flex;
    display: -ms-flexbox;
    display: flex;
    -webkit-flex-flow: column;
    -ms-flex-flow: column;
    flex-flow: column;
  }

  .c0 > * + * {
    margin-top: 1rem;
  }
}

<div
  className="c0"
>
  <p>
    Lorem ipsum dolor sit amet, consectetur adipiscing elit. Nullam in vestibulum tortor, vitae venenatis lectus. Praesent gravida dapibus neque sit amet molestie. Morbi blandit eu dolor a luctus. Vestibulum sollicitudin elit ac nunc scelerisque rhoncus. Nulla felis sapien, condimentum ut imperdiet vel, aliquet id ante. Pellentesque habitant morbi tristique senectus et netus et malesuada fames ac turpis egestas. Quisque ultrices, quam nec scelerisque malesuada, lectus elit semper diam, ac placerat purus tortor et enim.
  </p>
  <p>
    Lorem ipsum dolor sit amet, consectetur adipiscing elit. Nullam in vestibulum tortor, vitae venenatis lectus. Praesent gravida dapibus neque sit amet molestie. Morbi blandit eu dolor a luctus. Vestibulum sollicitudin elit ac nunc scelerisque rhoncus. Nulla felis sapien, condimentum ut imperdiet vel, aliquet id ante. Pellentesque habitant morbi tristique senectus et netus et malesuada fames ac turpis egestas. Quisque ultrices, quam nec scelerisque malesuada, lectus elit semper diam, ac placerat purus tortor et enim.
  </p>
  <p>
    Lorem ipsum dolor sit amet, consectetur adipiscing elit. Nullam in vestibulum tortor, vitae venenatis lectus. Praesent gravida dapibus neque sit amet molestie. Morbi blandit eu dolor a luctus. Vestibulum sollicitudin elit ac nunc scelerisque rhoncus. Nulla felis sapien, condimentum ut imperdiet vel, aliquet id ante. Pellentesque habitant morbi tristique senectus et netus et malesuada fames ac turpis egestas. Quisque ultrices, quam nec scelerisque malesuada, lectus elit semper diam, ac placerat purus tortor et enim.
  </p>
  <p>
    Lorem ipsum dolor sit amet, consectetur adipiscing elit. Nullam in vestibulum tortor, vitae venenatis lectus. Praesent gravida dapibus neque sit amet molestie. Morbi blandit eu dolor a luctus. Vestibulum sollicitudin elit ac nunc scelerisque rhoncus. Nulla felis sapien, condimentum ut imperdiet vel, aliquet id ante. Pellentesque habitant morbi tristique senectus et netus et malesuada fames ac turpis egestas. Quisque ultrices, quam nec scelerisque malesuada, lectus elit semper diam, ac placerat purus tortor et enim.
  </p>
</div>
`;
